###############################################################################
#
# IAR ELF Linker V8.11.2.13589/W32 for ARM                06/Apr/2018  16:29:02
# Copyright 2007-2017 IAR Systems AB.
#
#    Output file  =  
#        D:\GoogleDrive\UTFPR\8º período\Sistemas
#        Embarcados\Laboratórios\lab01\v1\Debug\Exe\Modelo_C_asm_IAR8.out
#    Map file     =  
#        D:\GoogleDrive\UTFPR\8º período\Sistemas
#        Embarcados\Laboratórios\lab01\v1\Debug\List\Modelo_C_asm_IAR8.map
#    Command line =  
#        -f C:\Users\FERNAN~1\AppData\Local\Temp\EWAEDF.tmp
#        ("D:\GoogleDrive\UTFPR\8º período\Sistemas
#        Embarcados\Laboratórios\lab01\v1\Debug\Obj\cstartup_M.o"
#        "D:\GoogleDrive\UTFPR\8º período\Sistemas
#        Embarcados\Laboratórios\lab01\v1\Debug\Obj\main.o"
#        "D:\GoogleDrive\UTFPR\8º período\Sistemas
#        Embarcados\Laboratórios\lab01\v1\Debug\Obj\meanfilter3.o" -o
#        "D:\GoogleDrive\UTFPR\8º período\Sistemas
#        Embarcados\Laboratórios\lab01\v1\Debug\Exe\Modelo_C_asm_IAR8.out"
#        --map "D:\GoogleDrive\UTFPR\8º período\Sistemas
#        Embarcados\Laboratórios\lab01\v1\Debug\List\Modelo_C_asm_IAR8.map"
#        --config "D:\GoogleDrive\UTFPR\8º período\Sistemas
#        Embarcados\Laboratórios\lab01\v1\linker\generic_cortex.icf"
#        --semihosting --entry __iar_program_start --vfe --text_out locale)
#
###############################################################################

*******************************************************************************
*** RUNTIME MODEL ATTRIBUTES
***

CppFlavor       = *
__Heap_Handler  = Basic
__SystemLibrary = DLib
__dlib_version  = 6


*******************************************************************************
*** HEAP SELECTION
***

The basic heap was selected because some modules are built with
size limitations (and not runtime checking), and --advanced_heap
was not specified.


*******************************************************************************
*** PLACEMENT SUMMARY
***

"A0":  place at 0x00000000 { ro section .intvec };
"P1":  place in [from 0x00000000 to 0x000002fb] |
                [from 0x00000300 to 0x0fffffff] { ro };
define block CSTACK with size = 1K, alignment = 8 { };
define block HEAP with size = 512K, alignment = 8 { };
"P2":  place in [from 0x10000000 to 0x1fffffff] {
          rw, block CSTACK, block HEAP };
"P3":  place in [from 0x000002fc to 0x000002ff] { section .crp };
initialize by copy { rw };

  Section            Kind        Address     Size  Object
  -------            ----        -------     ----  ------
"A0":                                       0x124
  .intvec            ro code  0x00000000    0x124  cstartup_M.o [1]
                            - 0x00000124    0x124

"P1", part 1 of 2:                           0x2c
  .rodata            const    0x00000124      0x0  copy_init3.o [4]
  Initializer bytes  const    0x00000124      0x4  <for P3 s0>
  Initializer bytes  const    0x00000128     0x28  <for P2 s1>
                            - 0x00000150     0x2c

"P3":                                         0x4
  P3 s0                       0x000002fc      0x4  <Init block>
    .crp             inited   0x000002fc      0x4  cstartup_M.o [1]
                            - 0x00000300      0x4

"P1", part 2 of 2:                          0x2a8
  .text              ro code  0x00000300    0x144  heap0.o [3]
  .text              ro code  0x00000444     0x2c  xgetmemchunk.o [3]
  .text              ro code  0x00000470     0x3e  meanfilter3.o [1]
  .text              ro code  0x000004ae     0x2c  copy_init3.o [4]
  .text              ro code  0x000004da      0x2  cstartup_M.o [1]
  .text              ro code  0x000004dc     0x28  main.o [1]
  .text              ro code  0x00000504      0x4  heaptramp0.o [3]
  .text              ro code  0x00000508     0x28  data_init.o [4]
  .iar.init_table    const    0x00000530     0x28  - Linker created -
  .text              ro code  0x00000558     0x1a  cmain.o [4]
  .text              ro code  0x00000572      0x4  low_level_init.o [3]
  .text              ro code  0x00000576      0x4  exit.o [3]
  .text              ro code  0x0000057c      0xa  cexit.o [4]
  .text              ro code  0x00000588     0x14  exit.o [5]
  .text              ro code  0x0000059c      0xc  cstartup_M.o [4]
                            - 0x000005a8    0x2a8

"P2", part 1 of 2:                           0x28
  P2 s1                       0x10000000     0x28  <Init block>
    .data            inited   0x10000000     0x1c  main.o [1]
    .bss             inited   0x1000001c      0x8  heap0.o [3]
    .bss             inited   0x10000024      0x4  xgetmemchunk.o [3]
                            - 0x10000028     0x28

"P2", part 2 of 2:                        0x80400
  CSTACK                      0x10000028    0x400  <Block>
    CSTACK           uninit   0x10000028    0x400  <Block tail>
  HEAP                        0x10000428  0x80000  <Block>
    HEAP             uninit   0x10000428  0x80000  <Block tail>
                            - 0x10080428  0x80400


*******************************************************************************
*** INIT TABLE
***

          Address     Size
          -------     ----
Copy (__iar_copy_init3)
    1 source range, total size 0x4:
          0x00000124   0x4
    1 destination range, total size 0x4:
          0x000002fc   0x4

Copy (__iar_copy_init3)
    1 source range, total size 0x28:
          0x00000128  0x28
    1 destination range, total size 0x28:
          0x10000000  0x28



*******************************************************************************
*** MODULE SUMMARY
***

    Module            ro code  ro data  rw data
    ------            -------  -------  -------
D:\GoogleDrive\UTFPR\8º período\Sistemas Embarcados\Laboratórios\lab01\v1\Debug\Obj: [1]
    cstartup_M.o          294        4        4
    main.o                 40       28       28
    meanfilter3.o          62
    -------------------------------------------
    Total:                396       32       32

command line: [2]
    -------------------------------------------
    Total:

dl7M_tln.a: [3]
    exit.o                  4
    heap0.o               324        8        8
    heaptramp0.o            4
    low_level_init.o        4
    xgetmemchunk.o         44        4        4
    -------------------------------------------
    Total:                380       12       12

rt7M_tl.a: [4]
    cexit.o                10
    cmain.o                26
    copy_init3.o           44
    cstartup_M.o           12
    data_init.o            40
    -------------------------------------------
    Total:                132

shb_l.a: [5]
    exit.o                 20
    -------------------------------------------
    Total:                 20

    Gaps                    4
    Linker created                  40  525 312
-----------------------------------------------
    Grand Total:          932       84  525 356


*******************************************************************************
*** ENTRY LIST
***

Entry                      Address  Size  Type      Object
-----                      -------  ----  ----      ------
.iar.init_table$$Base   0x00000530         --   Gb  - Linker created -
.iar.init_table$$Limit  0x00000558         --   Gb  - Linker created -
?main                   0x00000559        Code  Gb  cmain.o [4]
Aldata                  0x1000001c   0x8  Data  Lc  heap0.o [3]
CSTACK$$Base            0x10000028         --   Gb  - Linker created -
CSTACK$$Limit           0x10000428         --   Gb  - Linker created -
HEAP$$Base              0x10000428         --   Gb  - Linker created -
HEAP$$Limit             0x10080428         --   Gb  - Linker created -
Region$$Table$$Base     0x00000530         --   Gb  - Linker created -
Region$$Table$$Limit    0x00000558         --   Gb  - Linker created -
__basic_free            0x000003af  0x16  Code  Gb  heap0.o [3]
__basic_free_intern     0x000003c5  0x7a  Code  Lc  heap0.o [3]
__basic_malloc          0x00000301  0x18  Code  Gb  heap0.o [3]
__basic_malloc_intern   0x00000319  0x96  Code  Lc  heap0.o [3]
__cmain                 0x00000559        Code  Gb  cmain.o [4]
__data_GetMemChunk      0x00000445  0x2c  Code  Gb  xgetmemchunk.o [3]
__data_GetMemChunk::start
                        0x10000024   0x4  Data  Lc  xgetmemchunk.o [3]
__exit                  0x00000589  0x14  Code  Gb  exit.o [5]
__iar_copy_init3        0x000004af  0x2c  Code  Gb  copy_init3.o [4]
__iar_data_init3        0x00000509  0x28  Code  Gb  data_init.o [4]
__iar_program_start     0x0000059d        Code  Gb  cstartup_M.o [4]
__iar_systems$$module {Abs}
                        0x00000001        Data  Gb  command line/config [2]
__low_level_init        0x00000573   0x4  Code  Gb  low_level_init.o [3]
__vector_table          0x00000000        Data  Gb  cstartup_M.o [1]
__vector_table_0x1c     0x0000001c        Data  Gb  cstartup_M.o [1]
_call_main              0x00000565        Code  Gb  cmain.o [4]
_exit                   0x0000057d        Code  Gb  cexit.o [4]
_main                   0x0000056f        Code  Gb  cmain.o [4]
exit                    0x00000577   0x4  Code  Gb  exit.o [3]
free                    0x00000505   0x4  Code  Gb  heaptramp0.o [3]
img_entrada             0x10000000  0x1c  Data  Gb  main.o [1]
main                    0x000004dd  0x28  Code  Gb  main.o [1]
meanfilter3             0x00000471        Code  Gb  meanfilter3.o [1]


[1] = D:\GoogleDrive\UTFPR\8º período\Sistemas Embarcados\Laboratórios\lab01\v1\Debug\Obj
[2] = command line
[3] = dl7M_tln.a
[4] = rt7M_tl.a
[5] = shb_l.a

      932 bytes of readonly  code memory
       84 bytes of readonly  data memory
  525 356 bytes of readwrite data memory

Errors: none
Warnings: none
